// Jest Snapshot v1, https://goo.gl/fbAQLP

exports[`<Home/> should match the snapshot 1`] = `
<div>
  <div
    className="text-center"
  >
    <h2>
      No Users found at the moment
    </h2>
  </div>
  <div
    className="container"
  >
    <div
      className="row"
    >
      <table
        className="table table-striped"
      >
        <thead
          className="thead-light"
        >
          <tr>
            <th
              scope="col"
            >
              Name
            </th>
            <th
              scope="col"
            >
              Description
            </th>
            <th
              scope="col"
            >
              Updated By
            </th>
            <th
              scope="col"
            >
              Last Updated
            </th>
            <th
              scope="col"
            >
              Actions
            </th>
          </tr>
        </thead>
        <tbody />
      </table>
    </div>
  </div>
</div>
`;
